bianders@bianders-mn7180 ~/Brian_Code/Chain-Framework/chain % python chain.py
Traceback (most recent call last):
  File "/Users/bianders/Brian_Code/Chain-Framework/chain/chain.py", line 11, in <module>
    from ..prompt.prompt import Prompt
ImportError: attempted relative import with no known parent package
bianders@bianders-mn7180 ~/Brian_Code/Chain-Framework/chain % head -n 30 chain.py
"""
A Chain is a convenience wrapper for models, prompts, parsers, messages, and response objects.
A chain needs to have at least a prompt and a model.
Chains are immutable, treat them like tuples.
This used to be a monolith, but now I've separated out various classes, and created Message as a new one.
"""

import time  # for timing our query calls (saved in Response object)

# The rest of our package.
from ..prompt.prompt import Prompt
from ..model.model import Model
from ..response.response import Response
from ..parser.parser import Parser
from ..message.message import Message

# from message import Message


class Chain:
    """
    How we chain things together.
    Instantiate with:
    - a prompt (a string that is ready for jinja2 formatting),
    - a model (a name of a model (full list of accessible models in Model.models))
    - a parser (a function that takes a string and returns a string)
    """

    def __init__(self, prompt: Prompt, model: Model, parser: Parser = None):
        self.prompt = prompt
bianders@bianders-mn7180 ~/Brian_Code/Chain-Framework/chain % cd ..
bianders@bianders-mn7180 ~/Brian_Code/Chain-Framework % cat __init__.py
from .chain.chain import Chain
from .prompt.prompt import Prompt
from .model.model import Model
from .parser.parser import Parser
from .response.response import Response
from .message.message import Message
from .message.messagestore import MessageStore

__all__ = ['Chain', 'Prompt', 'Model', 'Parser', 'Response', 'Message', 'MessageStore']%
bianders@bianders-mn7180 ~/Brian_Code/Chain-Framework % cat setup.py
from setuptools import setup, find_packages

setup(
    name="chain",
    version="2.0",
    packages=find_packages(),
)%                                                                                                                                                                                                                    bianders@bianders-mn7180 ~/Brian_Code/Chain-Framework %
